[2026-06-09T12:33:01.141+0000] {taskinstance.py:1087} INFO - Dependencies all met for <TaskInstance: 1c_orders_etl.check_file_exists manual__2026-06-09T12:33:00.491309+00:00 [queued]>
[2026-06-09T12:33:01.149+0000] {taskinstance.py:1087} INFO - Dependencies all met for <TaskInstance: 1c_orders_etl.check_file_exists manual__2026-06-09T12:33:00.491309+00:00 [queued]>
[2026-06-09T12:33:01.149+0000] {taskinstance.py:1283} INFO - 
--------------------------------------------------------------------------------
[2026-06-09T12:33:01.149+0000] {taskinstance.py:1284} INFO - Starting attempt 1 of 3
[2026-06-09T12:33:01.149+0000] {taskinstance.py:1285} INFO - 
--------------------------------------------------------------------------------
[2026-06-09T12:33:01.158+0000] {taskinstance.py:1304} INFO - Executing <Task(PythonOperator): check_file_exists> on 2026-06-09 12:33:00.491309+00:00
[2026-06-09T12:33:01.162+0000] {standard_task_runner.py:55} INFO - Started process 63 to run task
[2026-06-09T12:33:01.165+0000] {standard_task_runner.py:82} INFO - Running: ['***', 'tasks', 'run', '1c_orders_etl', 'check_file_exists', 'manual__2026-06-09T12:33:00.491309+00:00', '--job-id', '4', '--raw', '--subdir', 'DAGS_FOLDER/01-1c-excel-pipeline/dags/orders_etl.py', '--cfg-path', '/tmp/tmpk5dxs0kc']
[2026-06-09T12:33:01.166+0000] {standard_task_runner.py:83} INFO - Job 4: Subtask check_file_exists
[2026-06-09T12:33:01.177+0000] {warnings.py:110} WARNING - /home/***/.local/lib/python3.7/site-packages/***/settings.py:249: DeprecationWarning: The sql_alchemy_conn option in [core] has been moved to the sql_alchemy_conn option in [database] - the old setting has been used, but please update your config.
  SQL_ALCHEMY_CONN = conf.get("database", "SQL_ALCHEMY_CONN")

[2026-06-09T12:33:01.212+0000] {task_command.py:389} INFO - Running <TaskInstance: 1c_orders_etl.check_file_exists manual__2026-06-09T12:33:00.491309+00:00 [running]> on host b42c428c9f29
[2026-06-09T12:33:01.252+0000] {taskinstance.py:1513} INFO - Exporting the following env vars:
AIRFLOW_CTX_DAG_OWNER=data_engineer
AIRFLOW_CTX_DAG_ID=1c_orders_etl
AIRFLOW_CTX_TASK_ID=check_file_exists
AIRFLOW_CTX_EXECUTION_DATE=2026-06-09T12:33:00.491309+00:00
AIRFLOW_CTX_TRY_NUMBER=1
AIRFLOW_CTX_DAG_RUN_ID=manual__2026-06-09T12:33:00.491309+00:00
[2026-06-09T12:33:01.253+0000] {warnings.py:110} WARNING - /home/***/.local/lib/python3.7/site-packages/***/utils/context.py:313: AirflowContextDeprecationWarning: Accessing 'execution_date' from the template is deprecated and will be removed in a future version. Please use 'data_interval_start' or 'logical_date' instead.
  warnings.warn(_create_deprecation_warning(k, replacements))

[2026-06-09T12:33:01.254+0000] {logging_mixin.py:137} INFO - Файл не найден: /opt/***/dags/cases/01-1c-excel-pipeline/data/samples/Реализации_2026-06-08.xlsx
[2026-06-09T12:33:01.254+0000] {taskinstance.py:1402} INFO - Файл не найден
[2026-06-09T12:33:01.259+0000] {taskinstance.py:1327} INFO - Marking task as SKIPPED. dag_id=1c_orders_etl, task_id=check_file_exists, execution_date=20260609T123300, start_date=20260609T123301, end_date=20260609T123301
[2026-06-09T12:33:01.303+0000] {local_task_job.py:159} INFO - Task exited with return code 0
[2026-06-09T12:33:01.321+0000] {taskinstance.py:2582} INFO - 0 downstream tasks scheduled from follow-on schedule check
