[2026-06-09T14:24:23.203+0000] {local_task_job_runner.py:123} INFO - ::group::Pre task execution logs
[2026-06-09T14:24:23.305+0000] {taskinstance.py:2613} INFO - Dependencies all met for dep_context=non-requeueable deps ti=<TaskInstance: 1c_orders_etl.process_and_load manual__2026-06-09T14:24:21.141624+00:00 [queued]>
[2026-06-09T14:24:23.309+0000] {taskinstance.py:2613} INFO - Dependencies all met for dep_context=requeueable deps ti=<TaskInstance: 1c_orders_etl.process_and_load manual__2026-06-09T14:24:21.141624+00:00 [queued]>
[2026-06-09T14:24:23.309+0000] {taskinstance.py:2866} INFO - Starting attempt 1 of 2
[2026-06-09T14:24:23.315+0000] {taskinstance.py:2889} INFO - Executing <Task(PythonOperator): process_and_load> on 2026-06-09 14:24:21.141624+00:00
[2026-06-09T14:24:23.318+0000] {warnings.py:112} WARNING - /home/***/.local/lib/python3.12/site-packages/***/task/task_runner/standard_task_runner.py:70: DeprecationWarning: This process (pid=70) is multi-threaded, use of fork() may lead to deadlocks in the child.
  pid = os.fork()

[2026-06-09T14:24:23.319+0000] {standard_task_runner.py:72} INFO - Started process 71 to run task
[2026-06-09T14:24:23.320+0000] {standard_task_runner.py:104} INFO - Running: ['***', 'tasks', 'run', '1c_orders_etl', 'process_and_load', 'manual__2026-06-09T14:24:21.141624+00:00', '--job-id', '14', '--raw', '--subdir', 'DAGS_FOLDER/01-1c-excel-pipeline/dags/orders_etl.py', '--cfg-path', '/tmp/tmpq4xr_x2m']
[2026-06-09T14:24:23.322+0000] {standard_task_runner.py:105} INFO - Job 14: Subtask process_and_load
[2026-06-09T14:24:23.328+0000] {warnings.py:112} WARNING - /home/***/.local/lib/python3.12/site-packages/***/settings.py:209: DeprecationWarning: The sql_alchemy_conn option in [core] has been moved to the sql_alchemy_conn option in [database] - the old setting has been used, but please update your config.
  SQL_ALCHEMY_CONN = conf.get("database", "SQL_ALCHEMY_CONN")

[2026-06-09T14:24:23.343+0000] {task_command.py:467} INFO - Running <TaskInstance: 1c_orders_etl.process_and_load manual__2026-06-09T14:24:21.141624+00:00 [running]> on host 5e349590b69c
[2026-06-09T14:24:23.379+0000] {taskinstance.py:3132} INFO - Exporting env vars: AIRFLOW_CTX_DAG_OWNER='data_engineer' AIRFLOW_CTX_DAG_ID='1c_orders_etl' AIRFLOW_CTX_TASK_ID='process_and_load' AIRFLOW_CTX_EXECUTION_DATE='2026-06-09T14:24:21.141624+00:00' AIRFLOW_CTX_TRY_NUMBER='1' AIRFLOW_CTX_DAG_RUN_ID='manual__2026-06-09T14:24:21.141624+00:00'
[2026-06-09T14:24:23.380+0000] {taskinstance.py:731} INFO - ::endgroup::
[2026-06-09T14:24:23.391+0000] {logging_mixin.py:190} INFO - Обработка файла: /opt/***/dags/cases/01-1c-excel-pipeline/data/samples/Реализации_2026-06-08.xlsx
[2026-06-09T14:24:23.460+0000] {logging_mixin.py:190} INFO - Найдено 2 строк данных
[2026-06-09T14:24:23.469+0000] {logging_mixin.py:190} INFO - ✅ Загружено 2 записей
[2026-06-09T14:24:23.469+0000] {python.py:240} INFO - Done. Returned value was: None
[2026-06-09T14:24:23.474+0000] {taskinstance.py:340} INFO - ::group::Post task execution logs
[2026-06-09T14:24:23.474+0000] {taskinstance.py:352} INFO - Marking task as SUCCESS. dag_id=1c_orders_etl, task_id=process_and_load, run_id=manual__2026-06-09T14:24:21.141624+00:00, execution_date=20260609T142421, start_date=20260609T142423, end_date=20260609T142423
[2026-06-09T14:24:23.502+0000] {local_task_job_runner.py:266} INFO - Task exited with return code 0
[2026-06-09T14:24:23.510+0000] {taskinstance.py:3895} INFO - 0 downstream tasks scheduled from follow-on schedule check
[2026-06-09T14:24:23.511+0000] {local_task_job_runner.py:245} INFO - ::endgroup::
