[2026-06-09T12:32:07.000+0000] {taskinstance.py:1087} INFO - Dependencies all met for <TaskInstance: 1c_orders_etl.check_file_exists scheduled__2026-06-08T08:00:00+00:00 [queued]>
[2026-06-09T12:32:07.005+0000] {taskinstance.py:1087} INFO - Dependencies all met for <TaskInstance: 1c_orders_etl.check_file_exists scheduled__2026-06-08T08:00:00+00:00 [queued]>
[2026-06-09T12:32:07.005+0000] {taskinstance.py:1283} INFO - 
--------------------------------------------------------------------------------
[2026-06-09T12:32:07.005+0000] {taskinstance.py:1284} INFO - Starting attempt 1 of 3
[2026-06-09T12:32:07.006+0000] {taskinstance.py:1285} INFO - 
--------------------------------------------------------------------------------
[2026-06-09T12:32:07.012+0000] {taskinstance.py:1304} INFO - Executing <Task(PythonOperator): check_file_exists> on 2026-06-08 08:00:00+00:00
[2026-06-09T12:32:07.016+0000] {standard_task_runner.py:55} INFO - Started process 57 to run task
[2026-06-09T12:32:07.019+0000] {standard_task_runner.py:82} INFO - Running: ['***', 'tasks', 'run', '1c_orders_etl', 'check_file_exists', 'scheduled__2026-06-08T08:00:00+00:00', '--job-id', '2', '--raw', '--subdir', 'DAGS_FOLDER/01-1c-excel-pipeline/dags/orders_etl.py', '--cfg-path', '/tmp/tmp26eu9far']
[2026-06-09T12:32:07.020+0000] {standard_task_runner.py:83} INFO - Job 2: Subtask check_file_exists
[2026-06-09T12:32:07.033+0000] {warnings.py:110} WARNING - /home/***/.local/lib/python3.7/site-packages/***/settings.py:249: DeprecationWarning: The sql_alchemy_conn option in [core] has been moved to the sql_alchemy_conn option in [database] - the old setting has been used, but please update your config.
  SQL_ALCHEMY_CONN = conf.get("database", "SQL_ALCHEMY_CONN")

[2026-06-09T12:32:07.072+0000] {warnings.py:110} WARNING - /home/***/.local/lib/python3.7/site-packages/***/utils/sqlalchemy.py:121: DeprecationWarning: The sql_alchemy_conn option in [core] has been moved to the sql_alchemy_conn option in [database] - the old setting has been used, but please update your config.
  return not conf.get("database", "sql_alchemy_conn").startswith("mssql")

[2026-06-09T12:32:07.091+0000] {task_command.py:389} INFO - Running <TaskInstance: 1c_orders_etl.check_file_exists scheduled__2026-06-08T08:00:00+00:00 [running]> on host b42c428c9f29
[2026-06-09T12:32:07.131+0000] {taskinstance.py:1513} INFO - Exporting the following env vars:
AIRFLOW_CTX_DAG_OWNER=data_engineer
AIRFLOW_CTX_DAG_ID=1c_orders_etl
AIRFLOW_CTX_TASK_ID=check_file_exists
AIRFLOW_CTX_EXECUTION_DATE=2026-06-08T08:00:00+00:00
AIRFLOW_CTX_TRY_NUMBER=1
AIRFLOW_CTX_DAG_RUN_ID=scheduled__2026-06-08T08:00:00+00:00
[2026-06-09T12:32:07.132+0000] {warnings.py:110} WARNING - /home/***/.local/lib/python3.7/site-packages/***/utils/context.py:313: AirflowContextDeprecationWarning: Accessing 'execution_date' from the template is deprecated and will be removed in a future version. Please use 'data_interval_start' or 'logical_date' instead.
  warnings.warn(_create_deprecation_warning(k, replacements))

[2026-06-09T12:32:07.133+0000] {logging_mixin.py:137} INFO - Файл не найден: /opt/***/dags/cases/01-1c-excel-pipeline/data/samples/Реализации_2026-06-07.xlsx
[2026-06-09T12:32:07.133+0000] {taskinstance.py:1402} INFO - Файл не найден
[2026-06-09T12:32:07.137+0000] {taskinstance.py:1327} INFO - Marking task as SKIPPED. dag_id=1c_orders_etl, task_id=check_file_exists, execution_date=20260608T080000, start_date=20260609T123207, end_date=20260609T123207
[2026-06-09T12:32:07.159+0000] {local_task_job.py:159} INFO - Task exited with return code 0
[2026-06-09T12:32:07.173+0000] {taskinstance.py:2582} INFO - 0 downstream tasks scheduled from follow-on schedule check
