[2026-06-09T12:50:12.697+0000] {local_task_job_runner.py:123} INFO - ::group::Pre task execution logs
[2026-06-09T12:50:12.705+0000] {taskinstance.py:2613} INFO - Dependencies all met for dep_context=non-requeueable deps ti=<TaskInstance: 1c_orders_etl.check_file_exists manual__2026-06-09T12:50:10.416462+00:00 [queued]>
[2026-06-09T12:50:12.709+0000] {taskinstance.py:2613} INFO - Dependencies all met for dep_context=requeueable deps ti=<TaskInstance: 1c_orders_etl.check_file_exists manual__2026-06-09T12:50:10.416462+00:00 [queued]>
[2026-06-09T12:50:12.709+0000] {taskinstance.py:2866} INFO - Starting attempt 1 of 3
[2026-06-09T12:50:12.715+0000] {taskinstance.py:2889} INFO - Executing <Task(PythonOperator): check_file_exists> on 2026-06-09 12:50:10.416462+00:00
[2026-06-09T12:50:12.718+0000] {warnings.py:112} WARNING - /home/***/.local/lib/python3.12/site-packages/***/task/task_runner/standard_task_runner.py:70: DeprecationWarning: This process (pid=52) is multi-threaded, use of fork() may lead to deadlocks in the child.
  pid = os.fork()

[2026-06-09T12:50:12.720+0000] {standard_task_runner.py:72} INFO - Started process 53 to run task
[2026-06-09T12:50:12.720+0000] {standard_task_runner.py:104} INFO - Running: ['***', 'tasks', 'run', '1c_orders_etl', 'check_file_exists', 'manual__2026-06-09T12:50:10.416462+00:00', '--job-id', '7', '--raw', '--subdir', 'DAGS_FOLDER/01-1c-excel-pipeline/dags/orders_etl.py', '--cfg-path', '/tmp/tmpxtf2lz0b']
[2026-06-09T12:50:12.723+0000] {standard_task_runner.py:105} INFO - Job 7: Subtask check_file_exists
[2026-06-09T12:50:12.734+0000] {warnings.py:112} WARNING - /home/***/.local/lib/python3.12/site-packages/***/settings.py:209: DeprecationWarning: The sql_alchemy_conn option in [core] has been moved to the sql_alchemy_conn option in [database] - the old setting has been used, but please update your config.
  SQL_ALCHEMY_CONN = conf.get("database", "SQL_ALCHEMY_CONN")

[2026-06-09T12:50:12.755+0000] {task_command.py:467} INFO - Running <TaskInstance: 1c_orders_etl.check_file_exists manual__2026-06-09T12:50:10.416462+00:00 [running]> on host 5e349590b69c
[2026-06-09T12:50:13.016+0000] {taskinstance.py:3132} INFO - Exporting env vars: AIRFLOW_CTX_DAG_OWNER='data_engineer' AIRFLOW_CTX_DAG_ID='1c_orders_etl' AIRFLOW_CTX_TASK_ID='check_file_exists' AIRFLOW_CTX_EXECUTION_DATE='2026-06-09T12:50:10.416462+00:00' AIRFLOW_CTX_TRY_NUMBER='1' AIRFLOW_CTX_DAG_RUN_ID='manual__2026-06-09T12:50:10.416462+00:00'
[2026-06-09T12:50:13.016+0000] {taskinstance.py:731} INFO - ::endgroup::
[2026-06-09T12:50:13.035+0000] {logging_mixin.py:190} INFO - Файл не найден: /opt/***/dags/cases/01-1c-excel-pipeline/data/samples/Реализации_2026-06-08.xlsx
[2026-06-09T12:50:13.035+0000] {taskinstance.py:301} INFO - Файл не найден
[2026-06-09T12:50:13.045+0000] {taskinstance.py:340} INFO - ::group::Post task execution logs
[2026-06-09T12:50:13.045+0000] {taskinstance.py:352} INFO - Marking task as SKIPPED. dag_id=1c_orders_etl, task_id=check_file_exists, run_id=manual__2026-06-09T12:50:10.416462+00:00, execution_date=20260609T125010, start_date=20260609T125012, end_date=20260609T125013
[2026-06-09T12:50:13.071+0000] {local_task_job_runner.py:266} INFO - Task exited with return code 0
[2026-06-09T12:50:13.085+0000] {taskinstance.py:3895} INFO - 0 downstream tasks scheduled from follow-on schedule check
[2026-06-09T12:50:13.088+0000] {local_task_job_runner.py:245} INFO - ::endgroup::
